.----------------.-----.-----.-----.
|  source_file   | foo | bar | baz |
:================:=====:=====:=====:
| data/basic.csv | a0  | 1   | a2  |
| data/basic.csv | b0  | 3   | b2  |
| data/basic.csv | c0  |     | c2  |
'----------------'-----'-----'-----'
