.----------------.-----.-----.-----.
|  source_file   | foo | bar | baz |
:================:=====:=====:=====:
| data/basic.csv | c0  |     | c2  |
'----------------'-----'-----'-----'
