.---------.---------.
| avg(c1) | sum(c1) |
:=========:=========:
| 500.5   | 500500  |
'---------'---------'
