.-----------------.-----.-----.-----.
|   source_file   | foo | bar | baz |
:=================:=====:=====:=====:
| data/spaces.csv | a0  | 1   | a2  |
| data/spaces.csv | b0  | 3   | b2  |
| data/spaces.csv | c0  | c2  |     |
'-----------------'-----'-----'-----'
