data/tab.csv	a0	1	a2
data/tab.csv	b0	3	b2
data/tab.csv	c0		c2
