Query cannot be empty.
For basic information, try the `--help' option.
