.-----.-----.-----.
| foo | bar | baz |
:=====:=====:=====:
| c0  |     | c2  |
'-----'-----'-----'
