a0 sep "double quoted" bar a2
b0 sep "double quoted" bar b2
c0 sep "double quoted" bar c2
