.------------------------------------.-------------.------------.-------------.
|            source_file             | Genetic_Sex | Group_Name | Poseidon_ID |
:====================================:=============:============:=============:
| data/Schmid_2028/Schmid_2028.janno | F           | POP1       | XXX001      |
| data/Schmid_2028/Schmid_2028.janno | F           | POP2       | XXX002      |
'------------------------------------'-------------'------------'-------------'
