.-------------.
| Poseidon_ID |
:=============:
| XXX011      |
| XXX012      |
| XXX013      |
| XXX014      |
| XXX015      |
| XXX016      |
| XXX017      |
| XXX018      |
| XXX019      |
| XXX020      |
| XXX011      |
| XXX012      |
| XXX013      |
| XXX014      |
| XXX015      |
| XXX016      |
| XXX017      |
| XXX018      |
| XXX019      |
| XXX099      |
| XXX001      |
| XXX002      |
| XXX003      |
| XXX004      |
| XXX005      |
| XXX006      |
| XXX007      |
| XXX008      |
| XXX009      |
| XXX010      |
| XXX001      |
| XXX002      |
'-------------'
